[2026-04-24 13:18:59,124][root][INFO] - Distributed configuration: world_size=2, master_addr=localhost, master_port=23341
[2026-04-24 13:18:59,124][root][INFO] - Local node: 192.168.0.6, local devices: 2, rank_0_on_this_node: True
[2026-04-24 13:18:59,135][root][INFO] - Spawned 1 worker processes for ranks: [1]
[2026-04-24 13:19:02,091][root][INFO] - RPC initialized: rank=0, world_size=2, device=cuda:1
[2026-04-24 13:19:10,447][root][INFO] - Log directory: /public/home/hzhangxyz/multigpu/2/outputs/2026-04-24/13-18-59
[2026-04-24 13:19:10,448][root][INFO] - Disabling PyTorch's default gradient computation
[2026-04-24 13:19:10,448][root][INFO] - Attempting to load checkpoint
[2026-04-24 13:19:10,449][root][INFO] - Checkpoint not found at: /public/home/hzhangxyz/multigpu/2/outputs/2026-04-24/13-18-59/data.pth, start from scratch
[2026-04-24 13:19:10,449][root][INFO] - Setting random seed to: 2333
[2026-04-24 13:19:10,470][root][INFO] - The checkpoints will be saved every 5 steps
[2026-04-24 13:19:10,470][root][INFO] - Loading the model: fcidump
[2026-04-24 13:19:10,475][root][INFO] - Loading FCIDUMP metadata from file: /home/hzhangxyz/qmp-models/Fe2S2_30_40.FCIDUMP.gz
[2026-04-24 13:19:10,476][root][INFO] - FCIDUMP metadata successfully loaded
[2026-04-24 13:19:10,476][root][INFO] - Loading FCIDUMP Hamiltonian from cache
[2026-04-24 13:19:10,505][root][INFO] - FCIDUMP Hamiltonian successfully loaded
[2026-04-24 13:19:10,506][root][INFO] - Converting OpenFermion Hamiltonian to internal Hamiltonian representation
[2026-04-24 13:19:10,506][root][INFO] - Internal Hamiltonian representation has been successfully created
[2026-04-24 13:19:10,506][root][INFO] - Identified 40 qubits, 30 electrons and 0 spin
[2026-04-24 13:19:10,506][root][INFO] - Reference energy for model is 0.0000000000
[2026-04-24 13:19:10,506][root][INFO] - Physical model loaded successfully
[2026-04-24 13:19:10,506][root][INFO] - Initializing the network: mlp/u1u1
[2026-04-24 13:19:10,506][root][INFO] - Hidden layer widths: (512, 512)
[2026-04-24 13:19:10,544][root][INFO] - Network initialized successfully
[2026-04-24 13:19:10,544][root][INFO] - Skipping loading state dict of the network
[2026-04-24 13:19:10,544][root][INFO] - Moving network to device: cuda:1
[2026-04-24 13:19:10,569][root][INFO] - Compiling the network
[2026-04-24 13:19:10,860][root][INFO] - Initializing the optimizer
[2026-04-24 13:19:12,861][root][INFO] - Skipping loading state dict of the optimizer
[2026-04-24 13:19:12,861][root][INFO] - Arguments Summary: Sampling Count From neural network: 102400, Sampling Count From Last iteration: 102400, Krylov Extend Count: 10240, Krylov Extend First: Yes, Krylov Single Extend: No, Krylov Iteration: 32, Krylov Threshold: 0.0000000100, Krylov Period: 32, Krylov Eigen Count: 1, Loss Function: sum_filtered_angle_scaled_log, Local Steps: 10000, Local Loss Threshold: 0.0000000100, Logging Psi: 30, Local Batch Count For Generation: 1, Local Batch Count For Apply Within: 1, Local Batch Count For Loss Function: 1
[2026-04-24 13:19:12,867][root][INFO] - Starting a new optimization cycle
[2026-04-24 13:19:12,867][root][INFO] - Sampling configurations from neural network
[2026-04-24 13:19:13,547][root][INFO] - Sampling configurations from last iteration
[2026-04-24 13:19:13,547][root][INFO] - Merging configurations from neural network and last iteration
[2026-04-24 13:19:13,547][root][INFO] - Sampling completed, unique configurations count: 102383
[2026-04-24 13:19:13,547][root][INFO] - Computing the target for local optimization
[2026-04-24 13:19:13,550][root][INFO] - Extending basis
[2026-04-24 13:19:13,550][root][INFO] - Number of core configurations: 102383
[2026-04-24 13:22:06,177][root][INFO] - Basis extended from 102383 to 112623
[2026-04-24 13:22:07,145][root][INFO] - Extending basis
[2026-04-24 13:22:07,145][root][INFO] - Number of core configurations: 112623
[2026-04-24 13:22:22,229][root][INFO] - Basis extended from 112623 to 122863
[2026-04-24 13:22:23,268][root][INFO] - Extending basis
[2026-04-24 13:22:23,268][root][INFO] - Number of core configurations: 122863
[2026-04-24 13:22:39,405][root][INFO] - Basis extended from 122863 to 133103
[2026-04-24 13:22:40,539][root][INFO] - Extending basis
[2026-04-24 13:22:40,539][root][INFO] - Number of core configurations: 133103
[2026-04-24 13:22:55,297][root][INFO] - Basis extended from 133103 to 143343
[2026-04-24 13:22:56,532][root][INFO] - Extending basis
[2026-04-24 13:22:56,533][root][INFO] - Number of core configurations: 143343
[2026-04-24 13:23:10,727][root][INFO] - Basis extended from 143343 to 153583
[2026-04-24 13:23:12,247][root][INFO] - Extending basis
[2026-04-24 13:23:12,247][root][INFO] - Number of core configurations: 153583
[2026-04-24 13:23:24,948][root][INFO] - Basis extended from 153583 to 163823
[2026-04-24 13:23:26,385][root][INFO] - Extending basis
[2026-04-24 13:23:26,385][root][INFO] - Number of core configurations: 163823
[2026-04-24 13:23:38,189][root][INFO] - Basis extended from 163823 to 174063
[2026-04-24 13:23:39,727][root][INFO] - Extending basis
[2026-04-24 13:23:39,727][root][INFO] - Number of core configurations: 174063
[2026-04-24 13:23:50,992][root][INFO] - Basis extended from 174063 to 184303
[2026-04-24 13:23:52,642][root][INFO] - Extending basis
[2026-04-24 13:23:52,642][root][INFO] - Number of core configurations: 184303
[2026-04-24 13:24:03,897][root][INFO] - Basis extended from 184303 to 194543
[2026-04-24 13:24:05,630][root][INFO] - Extending basis
[2026-04-24 13:24:05,630][root][INFO] - Number of core configurations: 194543
[2026-04-24 13:24:16,600][root][INFO] - Basis extended from 194543 to 204783
[2026-04-24 13:24:18,434][root][INFO] - Extending basis
[2026-04-24 13:24:18,435][root][INFO] - Number of core configurations: 204783
[2026-04-24 13:24:27,592][root][INFO] - Basis extended from 204783 to 215023
[2026-04-24 13:24:29,527][root][INFO] - Extending basis
[2026-04-24 13:24:29,527][root][INFO] - Number of core configurations: 215023
[2026-04-24 13:24:38,817][root][INFO] - Basis extended from 215023 to 225263
[2026-04-24 13:24:40,826][root][INFO] - Extending basis
[2026-04-24 13:24:40,827][root][INFO] - Number of core configurations: 225263
[2026-04-24 13:24:48,877][root][INFO] - Basis extended from 225263 to 235503
[2026-04-24 13:24:50,948][root][INFO] - Extending basis
[2026-04-24 13:24:50,948][root][INFO] - Number of core configurations: 235503
[2026-04-24 13:24:59,288][root][INFO] - Basis extended from 235503 to 245743
[2026-04-24 13:25:01,432][root][INFO] - Extending basis
[2026-04-24 13:25:01,432][root][INFO] - Number of core configurations: 245743
[2026-04-24 13:25:09,368][root][INFO] - Basis extended from 245743 to 255983
[2026-04-24 13:25:11,578][root][INFO] - Extending basis
[2026-04-24 13:25:11,579][root][INFO] - Number of core configurations: 255983
[2026-04-24 13:25:19,546][root][INFO] - Basis extended from 255983 to 266223
[2026-04-24 13:25:21,831][root][INFO] - Extending basis
[2026-04-24 13:25:21,831][root][INFO] - Number of core configurations: 266223
[2026-04-24 13:25:28,620][root][INFO] - Basis extended from 266223 to 276463
[2026-04-24 13:25:30,984][root][INFO] - Extending basis
[2026-04-24 13:25:30,984][root][INFO] - Number of core configurations: 276463
[2026-04-24 13:25:37,263][root][INFO] - Basis extended from 276463 to 286703
[2026-04-24 13:25:39,711][root][INFO] - Extending basis
[2026-04-24 13:25:39,711][root][INFO] - Number of core configurations: 286703
[2026-04-24 13:25:46,088][root][INFO] - Basis extended from 286703 to 296943
[2026-04-24 13:25:48,615][root][INFO] - Extending basis
[2026-04-24 13:25:48,616][root][INFO] - Number of core configurations: 296943
[2026-04-24 13:25:54,301][root][INFO] - Basis extended from 296943 to 307183
[2026-04-24 13:25:56,909][root][INFO] - Extending basis
[2026-04-24 13:25:56,909][root][INFO] - Number of core configurations: 307183
[2026-04-24 13:26:02,170][root][INFO] - Basis extended from 307183 to 317423
[2026-04-24 13:26:04,848][root][INFO] - Extending basis
[2026-04-24 13:26:04,848][root][INFO] - Number of core configurations: 317423
[2026-04-24 13:26:10,227][root][INFO] - Basis extended from 317423 to 327663
[2026-04-24 13:26:12,988][root][INFO] - Extending basis
[2026-04-24 13:26:12,988][root][INFO] - Number of core configurations: 327663
[2026-04-24 13:26:17,705][root][INFO] - Basis extended from 327663 to 337903
[2026-04-24 13:26:20,534][root][INFO] - Extending basis
[2026-04-24 13:26:20,534][root][INFO] - Number of core configurations: 337903
[2026-04-24 13:26:25,662][root][INFO] - Basis extended from 337903 to 348143
[2026-04-24 13:26:28,577][root][INFO] - Extending basis
[2026-04-24 13:26:28,577][root][INFO] - Number of core configurations: 348143
[2026-04-24 13:26:33,021][root][INFO] - Basis extended from 348143 to 358383
[2026-04-24 13:26:36,001][root][INFO] - Extending basis
[2026-04-24 13:26:36,001][root][INFO] - Number of core configurations: 358383
[2026-04-24 13:26:40,767][root][INFO] - Basis extended from 358383 to 368623
[2026-04-24 13:26:43,824][root][INFO] - Extending basis
[2026-04-24 13:26:43,825][root][INFO] - Number of core configurations: 368623
[2026-04-24 13:26:47,745][root][INFO] - Basis extended from 368623 to 378863
[2026-04-24 13:26:50,921][root][INFO] - Extending basis
[2026-04-24 13:26:50,921][root][INFO] - Number of core configurations: 378863
[2026-04-24 13:26:55,155][root][INFO] - Basis extended from 378863 to 389103
[2026-04-24 13:26:58,363][root][INFO] - Extending basis
[2026-04-24 13:26:58,364][root][INFO] - Number of core configurations: 389103
[2026-04-24 13:27:02,231][root][INFO] - Basis extended from 389103 to 399343
[2026-04-24 13:27:05,515][root][INFO] - Extending basis
[2026-04-24 13:27:05,515][root][INFO] - Number of core configurations: 399343
[2026-04-24 13:27:09,430][root][INFO] - Basis extended from 399343 to 409583
[2026-04-24 13:27:12,792][root][INFO] - Extending basis
[2026-04-24 13:27:12,792][root][INFO] - Number of core configurations: 409583
[2026-04-24 13:27:17,177][root][INFO] - Basis extended from 409583 to 419823
[2026-04-24 13:27:20,615][root][INFO] - Extending basis
[2026-04-24 13:27:20,615][root][INFO] - Number of core configurations: 419823
[2026-04-24 13:27:24,484][root][INFO] - Basis extended from 419823 to 430063
[2026-04-24 13:27:31,636][root][INFO] - The current energy is -108.3802921370 where the sampling count is 430063
[2026-04-24 13:27:35,230][root][INFO] - The current energy is -109.6397041871 where the sampling count is 430063
[2026-04-24 13:27:38,826][root][INFO] - The current energy is -111.1029228510 where the sampling count is 430063
[2026-04-24 13:27:42,424][root][INFO] - The current energy is -112.7164403488 where the sampling count is 430063
[2026-04-24 13:27:46,030][root][INFO] - The current energy is -113.6250052917 where the sampling count is 430063
[2026-04-24 13:27:49,631][root][INFO] - The current energy is -114.2088203674 where the sampling count is 430063
[2026-04-24 13:27:53,233][root][INFO] - The current energy is -114.6662442313 where the sampling count is 430063
[2026-04-24 13:27:56,839][root][INFO] - The current energy is -114.9550453762 where the sampling count is 430063
[2026-04-24 13:28:00,447][root][INFO] - The current energy is -115.1968280551 where the sampling count is 430063
[2026-04-24 13:28:04,062][root][INFO] - The current energy is -115.3613129659 where the sampling count is 430063
[2026-04-24 13:28:07,679][root][INFO] - The current energy is -115.4527246647 where the sampling count is 430063
[2026-04-24 13:28:11,295][root][INFO] - The current energy is -115.5369086446 where the sampling count is 430063
[2026-04-24 13:28:14,908][root][INFO] - The current energy is -115.6325248145 where the sampling count is 430063
[2026-04-24 13:28:18,522][root][INFO] - The current energy is -115.7288574809 where the sampling count is 430063
[2026-04-24 13:28:22,139][root][INFO] - The current energy is -115.7984416636 where the sampling count is 430063
[2026-04-24 13:28:25,757][root][INFO] - The current energy is -115.8473574841 where the sampling count is 430063
[2026-04-24 13:28:29,375][root][INFO] - The current energy is -115.8864459810 where the sampling count is 430063
[2026-04-24 13:28:32,994][root][INFO] - The current energy is -115.9170985429 where the sampling count is 430063
[2026-04-24 13:28:36,616][root][INFO] - The current energy is -115.9458135210 where the sampling count is 430063
[2026-04-24 13:28:40,240][root][INFO] - The current energy is -115.9680625115 where the sampling count is 430063
[2026-04-24 13:28:43,864][root][INFO] - The current energy is -115.9826960267 where the sampling count is 430063
[2026-04-24 13:28:47,491][root][INFO] - The current energy is -115.9942145776 where the sampling count is 430063
[2026-04-24 13:28:51,121][root][INFO] - The current energy is -116.0036174641 where the sampling count is 430063
[2026-04-24 13:28:54,751][root][INFO] - The current energy is -116.0111876373 where the sampling count is 430063
[2026-04-24 13:28:58,386][root][INFO] - The current energy is -116.0178444633 where the sampling count is 430063
[2026-04-24 13:29:02,023][root][INFO] - The current energy is -116.0235053770 where the sampling count is 430063
[2026-04-24 13:29:05,661][root][INFO] - The current energy is -116.0284016676 where the sampling count is 430063
