[2026-04-24 13:20:10,036][root][INFO] - Distributed configuration: world_size=1, master_addr=localhost, master_port=23340
[2026-04-24 13:20:10,036][root][INFO] - Local node: 192.168.0.6, local devices: 1, rank_0_on_this_node: True
[2026-04-24 13:20:10,735][root][INFO] - RPC initialized: rank=0, world_size=1, device=cuda:0
[2026-04-24 13:20:15,117][root][INFO] - Log directory: /public/home/hzhangxyz/multigpu/1/outputs/2026-04-24/13-20-09
[2026-04-24 13:20:15,118][root][INFO] - Disabling PyTorch's default gradient computation
[2026-04-24 13:20:15,118][root][INFO] - Attempting to load checkpoint
[2026-04-24 13:20:15,118][root][INFO] - Checkpoint not found at: /public/home/hzhangxyz/multigpu/1/outputs/2026-04-24/13-20-09/data.pth, start from scratch
[2026-04-24 13:20:15,118][root][INFO] - Setting random seed to: 2333
[2026-04-24 13:20:15,148][root][INFO] - The checkpoints will be saved every 5 steps
[2026-04-24 13:20:15,149][root][INFO] - Loading the model: fcidump
[2026-04-24 13:20:15,153][root][INFO] - Loading FCIDUMP metadata from file: /home/hzhangxyz/qmp-models/Fe2S2_30_40.FCIDUMP.gz
[2026-04-24 13:20:15,154][root][INFO] - FCIDUMP metadata successfully loaded
[2026-04-24 13:20:15,154][root][INFO] - Loading FCIDUMP Hamiltonian from cache
[2026-04-24 13:20:15,162][root][INFO] - FCIDUMP Hamiltonian successfully loaded
[2026-04-24 13:20:15,162][root][INFO] - Converting OpenFermion Hamiltonian to internal Hamiltonian representation
[2026-04-24 13:20:15,162][root][INFO] - Internal Hamiltonian representation has been successfully created
[2026-04-24 13:20:15,162][root][INFO] - Identified 40 qubits, 30 electrons and 0 spin
[2026-04-24 13:20:15,162][root][INFO] - Reference energy for model is 0.0000000000
[2026-04-24 13:20:15,162][root][INFO] - Physical model loaded successfully
[2026-04-24 13:20:15,162][root][INFO] - Initializing the network: mlp/u1u1
[2026-04-24 13:20:15,163][root][INFO] - Hidden layer widths: (512, 512)
[2026-04-24 13:20:15,200][root][INFO] - Network initialized successfully
[2026-04-24 13:20:15,200][root][INFO] - Skipping loading state dict of the network
[2026-04-24 13:20:15,200][root][INFO] - Moving network to device: cuda:0
[2026-04-24 13:20:15,215][root][INFO] - Compiling the network
[2026-04-24 13:20:15,515][root][INFO] - Initializing the optimizer
[2026-04-24 13:20:16,867][root][INFO] - Skipping loading state dict of the optimizer
[2026-04-24 13:20:16,868][root][INFO] - Arguments Summary: Sampling Count From neural network: 102400, Sampling Count From Last iteration: 102400, Krylov Extend Count: 10240, Krylov Extend First: Yes, Krylov Single Extend: No, Krylov Iteration: 32, Krylov Threshold: 0.0000000100, Krylov Period: 32, Krylov Eigen Count: 1, Loss Function: sum_filtered_angle_scaled_log, Local Steps: 10000, Local Loss Threshold: 0.0000000100, Logging Psi: 30, Local Batch Count For Generation: 1, Local Batch Count For Apply Within: 1, Local Batch Count For Loss Function: 1
[2026-04-24 13:20:16,875][root][INFO] - Starting a new optimization cycle
[2026-04-24 13:20:16,875][root][INFO] - Sampling configurations from neural network
[2026-04-24 13:20:17,563][root][INFO] - Sampling configurations from last iteration
[2026-04-24 13:20:17,563][root][INFO] - Merging configurations from neural network and last iteration
[2026-04-24 13:20:17,563][root][INFO] - Sampling completed, unique configurations count: 102383
[2026-04-24 13:20:17,563][root][INFO] - Computing the target for local optimization
[2026-04-24 13:20:17,565][root][INFO] - Extending basis
[2026-04-24 13:20:17,566][root][INFO] - Number of core configurations: 102383
[2026-04-24 13:21:55,082][root][INFO] - Basis extended from 102383 to 111853
[2026-04-24 13:21:56,041][root][INFO] - Extending basis
[2026-04-24 13:21:56,041][root][INFO] - Number of core configurations: 111853
[2026-04-24 13:22:07,305][root][INFO] - Basis extended from 111853 to 121618
[2026-04-24 13:22:08,313][root][INFO] - Extending basis
[2026-04-24 13:22:08,314][root][INFO] - Number of core configurations: 121618
[2026-04-24 13:22:17,860][root][INFO] - Basis extended from 121618 to 130367
[2026-04-24 13:22:18,932][root][INFO] - Extending basis
[2026-04-24 13:22:18,933][root][INFO] - Number of core configurations: 130367
[2026-04-24 13:22:27,614][root][INFO] - Basis extended from 130367 to 139870
[2026-04-24 13:22:28,753][root][INFO] - Extending basis
[2026-04-24 13:22:28,753][root][INFO] - Number of core configurations: 139870
[2026-04-24 13:22:37,967][root][INFO] - Basis extended from 139870 to 149625
[2026-04-24 13:22:39,176][root][INFO] - Extending basis
[2026-04-24 13:22:39,176][root][INFO] - Number of core configurations: 149625
[2026-04-24 13:22:49,463][root][INFO] - Basis extended from 149625 to 159448
[2026-04-24 13:22:50,921][root][INFO] - Extending basis
[2026-04-24 13:22:50,921][root][INFO] - Number of core configurations: 159448
[2026-04-24 13:23:00,482][root][INFO] - Basis extended from 159448 to 169275
[2026-04-24 13:23:01,836][root][INFO] - Extending basis
[2026-04-24 13:23:01,837][root][INFO] - Number of core configurations: 169275
[2026-04-24 13:23:10,510][root][INFO] - Basis extended from 169275 to 179262
[2026-04-24 13:23:12,325][root][INFO] - Extending basis
[2026-04-24 13:23:12,325][root][INFO] - Number of core configurations: 179262
[2026-04-24 13:23:19,550][root][INFO] - Basis extended from 179262 to 189258
[2026-04-24 13:23:21,049][root][INFO] - Extending basis
[2026-04-24 13:23:21,049][root][INFO] - Number of core configurations: 189258
[2026-04-24 13:23:27,360][root][INFO] - Basis extended from 189258 to 199233
[2026-04-24 13:23:28,933][root][INFO] - Extending basis
[2026-04-24 13:23:28,933][root][INFO] - Number of core configurations: 199233
[2026-04-24 13:23:35,241][root][INFO] - Basis extended from 199233 to 209214
[2026-04-24 13:23:36,888][root][INFO] - Extending basis
[2026-04-24 13:23:36,888][root][INFO] - Number of core configurations: 209214
[2026-04-24 13:23:44,006][root][INFO] - Basis extended from 209214 to 219247
[2026-04-24 13:23:45,726][root][INFO] - Extending basis
[2026-04-24 13:23:45,727][root][INFO] - Number of core configurations: 219247
[2026-04-24 13:23:52,205][root][INFO] - Basis extended from 219247 to 229226
[2026-04-24 13:23:54,000][root][INFO] - Extending basis
[2026-04-24 13:23:54,000][root][INFO] - Number of core configurations: 229226
[2026-04-24 13:24:01,188][root][INFO] - Basis extended from 229226 to 239207
[2026-04-24 13:24:03,061][root][INFO] - Extending basis
[2026-04-24 13:24:03,062][root][INFO] - Number of core configurations: 239207
[2026-04-24 13:24:09,531][root][INFO] - Basis extended from 239207 to 249229
[2026-04-24 13:24:11,474][root][INFO] - Extending basis
[2026-04-24 13:24:11,474][root][INFO] - Number of core configurations: 249229
[2026-04-24 13:24:17,399][root][INFO] - Basis extended from 249229 to 259200
[2026-04-24 13:24:19,415][root][INFO] - Extending basis
[2026-04-24 13:24:19,416][root][INFO] - Number of core configurations: 259200
[2026-04-24 13:24:25,137][root][INFO] - Basis extended from 259200 to 269137
[2026-04-24 13:24:27,234][root][INFO] - Extending basis
[2026-04-24 13:24:27,234][root][INFO] - Number of core configurations: 269137
[2026-04-24 13:24:32,572][root][INFO] - Basis extended from 269137 to 279096
[2026-04-24 13:24:34,749][root][INFO] - Extending basis
[2026-04-24 13:24:34,750][root][INFO] - Number of core configurations: 279096
[2026-04-24 13:24:39,710][root][INFO] - Basis extended from 279096 to 289008
[2026-04-24 13:24:41,966][root][INFO] - Extending basis
[2026-04-24 13:24:41,967][root][INFO] - Number of core configurations: 289008
[2026-04-24 13:24:46,527][root][INFO] - Basis extended from 289008 to 298923
[2026-04-24 13:24:48,859][root][INFO] - Extending basis
[2026-04-24 13:24:48,859][root][INFO] - Number of core configurations: 298923
[2026-04-24 13:24:52,996][root][INFO] - Basis extended from 298923 to 308871
[2026-04-24 13:24:55,403][root][INFO] - Extending basis
[2026-04-24 13:24:55,404][root][INFO] - Number of core configurations: 308871
[2026-04-24 13:24:59,618][root][INFO] - Basis extended from 308871 to 318750
[2026-04-24 13:25:02,102][root][INFO] - Extending basis
[2026-04-24 13:25:02,102][root][INFO] - Number of core configurations: 318750
[2026-04-24 13:25:05,890][root][INFO] - Basis extended from 318750 to 328737
[2026-04-24 13:25:08,450][root][INFO] - Extending basis
[2026-04-24 13:25:08,451][root][INFO] - Number of core configurations: 328737
[2026-04-24 13:25:11,981][root][INFO] - Basis extended from 328737 to 338737
[2026-04-24 13:25:15,032][root][INFO] - Extending basis
[2026-04-24 13:25:15,032][root][INFO] - Number of core configurations: 338737
[2026-04-24 13:25:18,583][root][INFO] - Basis extended from 338737 to 348751
[2026-04-24 13:25:22,075][root][INFO] - Extending basis
[2026-04-24 13:25:22,075][root][INFO] - Number of core configurations: 348751
[2026-04-24 13:25:25,845][root][INFO] - Basis extended from 348751 to 358805
[2026-04-24 13:25:28,638][root][INFO] - Extending basis
[2026-04-24 13:25:28,638][root][INFO] - Number of core configurations: 358805
[2026-04-24 13:25:32,159][root][INFO] - Basis extended from 358805 to 368892
[2026-04-24 13:25:35,030][root][INFO] - Extending basis
[2026-04-24 13:25:35,031][root][INFO] - Number of core configurations: 368892
[2026-04-24 13:25:38,532][root][INFO] - Basis extended from 368892 to 378970
[2026-04-24 13:25:41,482][root][INFO] - Extending basis
[2026-04-24 13:25:41,483][root][INFO] - Number of core configurations: 378970
[2026-04-24 13:25:45,018][root][INFO] - Basis extended from 378970 to 389044
[2026-04-24 13:25:48,047][root][INFO] - Extending basis
[2026-04-24 13:25:48,047][root][INFO] - Number of core configurations: 389044
[2026-04-24 13:25:51,810][root][INFO] - Basis extended from 389044 to 399143
[2026-04-24 13:25:55,390][root][INFO] - Extending basis
[2026-04-24 13:25:55,390][root][INFO] - Number of core configurations: 399143
[2026-04-24 13:25:58,526][root][INFO] - Basis extended from 399143 to 409202
[2026-04-24 13:26:01,715][root][INFO] - Extending basis
[2026-04-24 13:26:01,715][root][INFO] - Number of core configurations: 409202
[2026-04-24 13:26:04,664][root][INFO] - Basis extended from 409202 to 419231
[2026-04-24 13:26:11,437][root][INFO] - The current energy is -108.3802921370 where the sampling count is 419231
[2026-04-24 13:26:14,812][root][INFO] - The current energy is -109.6394497833 where the sampling count is 419231
[2026-04-24 13:26:18,169][root][INFO] - The current energy is -111.1017049429 where the sampling count is 419231
[2026-04-24 13:26:21,522][root][INFO] - The current energy is -112.7146368025 where the sampling count is 419231
[2026-04-24 13:26:24,876][root][INFO] - The current energy is -113.6229858733 where the sampling count is 419231
[2026-04-24 13:26:28,232][root][INFO] - The current energy is -114.2059080835 where the sampling count is 419231
[2026-04-24 13:26:31,590][root][INFO] - The current energy is -114.6622571217 where the sampling count is 419231
[2026-04-24 13:26:34,953][root][INFO] - The current energy is -114.9501028432 where the sampling count is 419231
[2026-04-24 13:26:38,314][root][INFO] - The current energy is -115.1913098882 where the sampling count is 419231
[2026-04-24 13:26:41,676][root][INFO] - The current energy is -115.3561021463 where the sampling count is 419231
[2026-04-24 13:26:45,041][root][INFO] - The current energy is -115.4478015268 where the sampling count is 419231
