[2026-04-24 13:19:16,992][root][INFO] - Distributed configuration: world_size=3, master_addr=localhost, master_port=23342
[2026-04-24 13:19:16,993][root][INFO] - Local node: 192.168.0.6, local devices: 3, rank_0_on_this_node: True
[2026-04-24 13:19:17,001][root][INFO] - Spawned 2 worker processes for ranks: [1, 2]
[2026-04-24 13:19:20,954][root][INFO] - RPC initialized: rank=0, world_size=3, device=cuda:3
[2026-04-24 13:19:24,031][root][INFO] - Log directory: /public/home/hzhangxyz/multigpu/3/outputs/2026-04-24/13-19-16
[2026-04-24 13:19:24,033][root][INFO] - Disabling PyTorch's default gradient computation
[2026-04-24 13:19:24,033][root][INFO] - Attempting to load checkpoint
[2026-04-24 13:19:24,033][root][INFO] - Checkpoint not found at: /public/home/hzhangxyz/multigpu/3/outputs/2026-04-24/13-19-16/data.pth, start from scratch
[2026-04-24 13:19:24,034][root][INFO] - Setting random seed to: 2333
[2026-04-24 13:19:24,043][root][INFO] - The checkpoints will be saved every 5 steps
[2026-04-24 13:19:24,044][root][INFO] - Loading the model: fcidump
[2026-04-24 13:19:24,046][root][INFO] - Loading FCIDUMP metadata from file: /home/hzhangxyz/qmp-models/Fe2S2_30_40.FCIDUMP.gz
[2026-04-24 13:19:24,047][root][INFO] - FCIDUMP metadata successfully loaded
[2026-04-24 13:19:24,047][root][INFO] - Loading FCIDUMP Hamiltonian from cache
[2026-04-24 13:19:24,062][root][INFO] - FCIDUMP Hamiltonian successfully loaded
[2026-04-24 13:19:24,062][root][INFO] - Converting OpenFermion Hamiltonian to internal Hamiltonian representation
[2026-04-24 13:19:24,062][root][INFO] - Internal Hamiltonian representation has been successfully created
[2026-04-24 13:19:24,062][root][INFO] - Identified 40 qubits, 30 electrons and 0 spin
[2026-04-24 13:19:24,062][root][INFO] - Reference energy for model is 0.0000000000
[2026-04-24 13:19:24,062][root][INFO] - Physical model loaded successfully
[2026-04-24 13:19:24,062][root][INFO] - Initializing the network: mlp/u1u1
[2026-04-24 13:19:24,063][root][INFO] - Hidden layer widths: (512, 512)
[2026-04-24 13:19:24,099][root][INFO] - Network initialized successfully
[2026-04-24 13:19:24,099][root][INFO] - Skipping loading state dict of the network
[2026-04-24 13:19:24,100][root][INFO] - Moving network to device: cuda:3
[2026-04-24 13:19:24,120][root][INFO] - Compiling the network
[2026-04-24 13:19:24,470][root][INFO] - Initializing the optimizer
[2026-04-24 13:19:25,840][root][INFO] - Skipping loading state dict of the optimizer
[2026-04-24 13:19:25,840][root][INFO] - Arguments Summary: Sampling Count From neural network: 102400, Sampling Count From Last iteration: 102400, Krylov Extend Count: 10240, Krylov Extend First: Yes, Krylov Single Extend: No, Krylov Iteration: 32, Krylov Threshold: 0.0000000100, Krylov Period: 32, Krylov Eigen Count: 1, Loss Function: sum_filtered_angle_scaled_log, Local Steps: 10000, Local Loss Threshold: 0.0000000100, Logging Psi: 30, Local Batch Count For Generation: 1, Local Batch Count For Apply Within: 1, Local Batch Count For Loss Function: 1
[2026-04-24 13:19:25,847][root][INFO] - Starting a new optimization cycle
[2026-04-24 13:19:25,847][root][INFO] - Sampling configurations from neural network
[2026-04-24 13:19:26,792][root][INFO] - Sampling configurations from last iteration
[2026-04-24 13:19:26,792][root][INFO] - Merging configurations from neural network and last iteration
[2026-04-24 13:19:26,792][root][INFO] - Sampling completed, unique configurations count: 102383
[2026-04-24 13:19:26,792][root][INFO] - Computing the target for local optimization
[2026-04-24 13:19:26,794][root][INFO] - Extending basis
[2026-04-24 13:19:26,795][root][INFO] - Number of core configurations: 102383
[2026-04-24 13:22:07,261][root][INFO] - Basis extended from 102383 to 112623
[2026-04-24 13:22:07,918][root][INFO] - Extending basis
[2026-04-24 13:22:07,918][root][INFO] - Number of core configurations: 112623
[2026-04-24 13:22:23,246][root][INFO] - Basis extended from 112623 to 122863
[2026-04-24 13:22:23,961][root][INFO] - Extending basis
[2026-04-24 13:22:23,961][root][INFO] - Number of core configurations: 122863
[2026-04-24 13:22:37,771][root][INFO] - Basis extended from 122863 to 133103
[2026-04-24 13:22:38,547][root][INFO] - Extending basis
[2026-04-24 13:22:38,548][root][INFO] - Number of core configurations: 133103
[2026-04-24 13:22:52,009][root][INFO] - Basis extended from 133103 to 143343
[2026-04-24 13:22:53,134][root][INFO] - Extending basis
[2026-04-24 13:22:53,135][root][INFO] - Number of core configurations: 143343
[2026-04-24 13:23:05,010][root][INFO] - Basis extended from 143343 to 153583
[2026-04-24 13:23:05,928][root][INFO] - Extending basis
[2026-04-24 13:23:05,928][root][INFO] - Number of core configurations: 153583
[2026-04-24 13:23:17,214][root][INFO] - Basis extended from 153583 to 163823
[2026-04-24 13:23:18,208][root][INFO] - Extending basis
[2026-04-24 13:23:18,209][root][INFO] - Number of core configurations: 163823
[2026-04-24 13:23:29,421][root][INFO] - Basis extended from 163823 to 174063
[2026-04-24 13:23:30,459][root][INFO] - Extending basis
[2026-04-24 13:23:30,459][root][INFO] - Number of core configurations: 174063
[2026-04-24 13:23:40,331][root][INFO] - Basis extended from 174063 to 184303
[2026-04-24 13:23:41,436][root][INFO] - Extending basis
[2026-04-24 13:23:41,437][root][INFO] - Number of core configurations: 184303
[2026-04-24 13:23:50,370][root][INFO] - Basis extended from 184303 to 194543
[2026-04-24 13:23:51,543][root][INFO] - Extending basis
[2026-04-24 13:23:51,543][root][INFO] - Number of core configurations: 194543
[2026-04-24 13:24:01,011][root][INFO] - Basis extended from 194543 to 204783
[2026-04-24 13:24:02,252][root][INFO] - Extending basis
[2026-04-24 13:24:02,252][root][INFO] - Number of core configurations: 204783
[2026-04-24 13:24:09,792][root][INFO] - Basis extended from 204783 to 215023
[2026-04-24 13:24:11,099][root][INFO] - Extending basis
[2026-04-24 13:24:11,099][root][INFO] - Number of core configurations: 215023
[2026-04-24 13:24:17,933][root][INFO] - Basis extended from 215023 to 225263
[2026-04-24 13:24:19,300][root][INFO] - Extending basis
[2026-04-24 13:24:19,300][root][INFO] - Number of core configurations: 225263
[2026-04-24 13:24:26,513][root][INFO] - Basis extended from 225263 to 235503
[2026-04-24 13:24:27,950][root][INFO] - Extending basis
[2026-04-24 13:24:27,951][root][INFO] - Number of core configurations: 235503
[2026-04-24 13:24:34,670][root][INFO] - Basis extended from 235503 to 245743
[2026-04-24 13:24:36,174][root][INFO] - Extending basis
[2026-04-24 13:24:36,174][root][INFO] - Number of core configurations: 245743
[2026-04-24 13:24:43,154][root][INFO] - Basis extended from 245743 to 255983
[2026-04-24 13:24:44,722][root][INFO] - Extending basis
[2026-04-24 13:24:44,723][root][INFO] - Number of core configurations: 255983
[2026-04-24 13:24:50,704][root][INFO] - Basis extended from 255983 to 266223
[2026-04-24 13:24:52,341][root][INFO] - Extending basis
[2026-04-24 13:24:52,341][root][INFO] - Number of core configurations: 266223
[2026-04-24 13:24:58,491][root][INFO] - Basis extended from 266223 to 276463
[2026-04-24 13:25:00,199][root][INFO] - Extending basis
[2026-04-24 13:25:00,200][root][INFO] - Number of core configurations: 276463
[2026-04-24 13:25:05,472][root][INFO] - Basis extended from 276463 to 286703
[2026-04-24 13:25:07,253][root][INFO] - Extending basis
[2026-04-24 13:25:07,253][root][INFO] - Number of core configurations: 286703
[2026-04-24 13:25:12,670][root][INFO] - Basis extended from 286703 to 296943
[2026-04-24 13:25:14,519][root][INFO] - Extending basis
[2026-04-24 13:25:14,519][root][INFO] - Number of core configurations: 296943
[2026-04-24 13:25:19,649][root][INFO] - Basis extended from 296943 to 307183
[2026-04-24 13:25:21,570][root][INFO] - Extending basis
[2026-04-24 13:25:21,570][root][INFO] - Number of core configurations: 307183
[2026-04-24 13:25:26,929][root][INFO] - Basis extended from 307183 to 317423
[2026-04-24 13:25:28,919][root][INFO] - Extending basis
[2026-04-24 13:25:28,919][root][INFO] - Number of core configurations: 317423
[2026-04-24 13:25:33,265][root][INFO] - Basis extended from 317423 to 327663
[2026-04-24 13:25:35,307][root][INFO] - Extending basis
[2026-04-24 13:25:35,307][root][INFO] - Number of core configurations: 327663
[2026-04-24 13:25:39,919][root][INFO] - Basis extended from 327663 to 337903
[2026-04-24 13:25:42,000][root][INFO] - Extending basis
[2026-04-24 13:25:42,001][root][INFO] - Number of core configurations: 337903
[2026-04-24 13:25:46,201][root][INFO] - Basis extended from 337903 to 348143
[2026-04-24 13:25:48,330][root][INFO] - Extending basis
[2026-04-24 13:25:48,330][root][INFO] - Number of core configurations: 348143
[2026-04-24 13:25:52,584][root][INFO] - Basis extended from 348143 to 358383
[2026-04-24 13:25:54,762][root][INFO] - Extending basis
[2026-04-24 13:25:54,762][root][INFO] - Number of core configurations: 358383
[2026-04-24 13:25:58,607][root][INFO] - Basis extended from 358383 to 368623
[2026-04-24 13:26:00,834][root][INFO] - Extending basis
[2026-04-24 13:26:00,834][root][INFO] - Number of core configurations: 368623
[2026-04-24 13:26:05,003][root][INFO] - Basis extended from 368623 to 378863
[2026-04-24 13:26:07,276][root][INFO] - Extending basis
[2026-04-24 13:26:07,277][root][INFO] - Number of core configurations: 378863
[2026-04-24 13:26:10,892][root][INFO] - Basis extended from 378863 to 389103
[2026-04-24 13:26:13,215][root][INFO] - Extending basis
[2026-04-24 13:26:13,216][root][INFO] - Number of core configurations: 389103
[2026-04-24 13:26:16,747][root][INFO] - Basis extended from 389103 to 399343
[2026-04-24 13:26:19,119][root][INFO] - Extending basis
[2026-04-24 13:26:19,119][root][INFO] - Number of core configurations: 399343
[2026-04-24 13:26:22,965][root][INFO] - Basis extended from 399343 to 409583
[2026-04-24 13:26:25,439][root][INFO] - Extending basis
[2026-04-24 13:26:25,439][root][INFO] - Number of core configurations: 409583
[2026-04-24 13:26:29,276][root][INFO] - Basis extended from 409583 to 419823
[2026-04-24 13:26:31,747][root][INFO] - Extending basis
[2026-04-24 13:26:31,747][root][INFO] - Number of core configurations: 419823
[2026-04-24 13:26:34,807][root][INFO] - Basis extended from 419823 to 430063
[2026-04-24 13:26:39,917][root][INFO] - The current energy is -108.3802921370 where the sampling count is 430063
[2026-04-24 13:26:42,482][root][INFO] - The current energy is -109.6394509796 where the sampling count is 430063
[2026-04-24 13:26:45,042][root][INFO] - The current energy is -111.1027248512 where the sampling count is 430063
